2026-08-11 11:50:44.118: [INFO] CurrentProfilePath: C:\Users\Alexp\OneDrive\Pictures\Desktop\New folder (3)\app\scripts\chrome_profile\Default
2026-08-11 11:50:44.118: [INFO] Profiles total count: 1
2026-08-11 11:50:44.120: [INFO] Profile: name=Your Chromium path=C:\Users\Alexp\OneDrive\Pictures\Desktop\New folder (3)\app\scripts\chrome_profile\Default lastActive=2026-08-11T11:34:59.615Z
2026-08-11 11:50:44.120: [INFO] LastUsedProfileDir: C:\Users\Alexp\OneDrive\Pictures\Desktop\New folder (3)\app\scripts\chrome_profile\Default
2026-08-11 11:50:44.120: [INFO] MostRecentlyActiveProfile: name=Your Chromium path=C:\Users\Alexp\OneDrive\Pictures\Desktop\New folder (3)\app\scripts\chrome_profile\Default lastActive=2026-08-11T11:34:59.615Z
2026-08-11 11:50:44.120: [INFO] VisibilityChanged: 0
2026-08-11 11:50:44.291: [INFO] BookmarkNodeAdded, ABU: 0
2026-08-11 11:50:44.291: [INFO] BookmarkNodeAdded, ABU: 0
2026-08-11 11:50:44.291: [INFO] BookmarkNodeAdded, ABU: 0
2026-08-11 11:50:44.292: [INFO] OnDoneLoading sync enabled: 0
2026-08-11 11:50:44.292: [INFO] BookmarkModelLoaded, ids_reassigned: 0
2026-08-11 11:50:44.292: [INFO] BookmarksLoadDropped droppedNodes=0
2026-08-11 11:50:44.292: [INFO] BookmarksSnapshot Startup total=3 bar=3 other=0 mobile=0 showBar=0 showBarNTP=1
2026-08-11 12:01:21.303: [INFO] CurrentProfilePath: C:\Users\Alexp\OneDrive\Pictures\Desktop\New folder (3)\app\scripts\chrome_profile\Default
2026-08-11 12:01:21.303: [INFO] Profiles total count: 1
2026-08-11 12:01:21.304: [INFO] Profile: name=Personal path=C:\Users\Alexp\OneDrive\Pictures\Desktop\New folder (3)\app\scripts\chrome_profile\Default lastActive=2026-08-11T11:51:09.287Z
2026-08-11 12:01:21.304: [INFO] LastUsedProfileDir: C:\Users\Alexp\OneDrive\Pictures\Desktop\New folder (3)\app\scripts\chrome_profile\Default
2026-08-11 12:01:21.304: [INFO] MostRecentlyActiveProfile: name=Personal path=C:\Users\Alexp\OneDrive\Pictures\Desktop\New folder (3)\app\scripts\chrome_profile\Default lastActive=2026-08-11T11:51:09.287Z
2026-08-11 12:01:21.304: [INFO] VisibilityChanged: 0
2026-08-11 12:01:21.544: [INFO] OnDoneLoading sync enabled: 0
2026-08-11 12:01:21.544: [INFO] BookmarkModelLoaded, ids_reassigned: 0
2026-08-11 12:01:21.544: [INFO] BookmarksLoadDropped droppedNodes=0
2026-08-11 12:01:21.544: [INFO] BookmarksSnapshot Startup total=3 bar=3 other=0 mobile=0 showBar=0 showBarNTP=1
2026-08-11 12:03:58.274: [INFO] BookmarksSnapshot Shutdown total=3 bar=3 other=0 mobile=0 showBar=0 showBarNTP=1
2026-08-11 12:08:43.643: [INFO] CurrentProfilePath: C:\Users\Alexp\OneDrive\Pictures\Desktop\New folder (3)\app\scripts\chrome_profile\Default
2026-08-11 12:08:43.643: [INFO] Profiles total count: 1
2026-08-11 12:08:43.644: [INFO] Profile: name=Personal path=C:\Users\Alexp\OneDrive\Pictures\Desktop\New folder (3)\app\scripts\chrome_profile\Default lastActive=2026-08-11T12:01:43.292Z
2026-08-11 12:08:43.644: [INFO] LastUsedProfileDir: C:\Users\Alexp\OneDrive\Pictures\Desktop\New folder (3)\app\scripts\chrome_profile\Default
2026-08-11 12:08:43.644: [INFO] MostRecentlyActiveProfile: name=Personal path=C:\Users\Alexp\OneDrive\Pictures\Desktop\New folder (3)\app\scripts\chrome_profile\Default lastActive=2026-08-11T12:01:43.292Z
2026-08-11 12:08:43.644: [INFO] VisibilityChanged: 0
2026-08-11 12:08:43.814: [INFO] OnDoneLoading sync enabled: 0
2026-08-11 12:08:43.814: [INFO] BookmarkModelLoaded, ids_reassigned: 0
2026-08-11 12:08:43.814: [INFO] BookmarksLoadDropped droppedNodes=0
2026-08-11 12:08:43.814: [INFO] BookmarksSnapshot Startup total=3 bar=3 other=0 mobile=0 showBar=0 showBarNTP=1
2026-08-11 12:12:55.095: [INFO] BookmarksSnapshot Shutdown total=3 bar=3 other=0 mobile=0 showBar=0 showBarNTP=1
2026-08-11 13:03:38.136: [INFO] CurrentProfilePath: C:\Users\Alexp\OneDrive\Pictures\Desktop\New folder (3)\app\scripts\chrome_profile\Default
2026-08-11 13:03:38.136: [INFO] Profiles total count: 1
2026-08-11 13:03:38.138: [INFO] Profile: name=Personal path=C:\Users\Alexp\OneDrive\Pictures\Desktop\New folder (3)\app\scripts\chrome_profile\Default lastActive=2026-08-11T12:09:33.631Z
2026-08-11 13:03:38.138: [INFO] LastUsedProfileDir: C:\Users\Alexp\OneDrive\Pictures\Desktop\New folder (3)\app\scripts\chrome_profile\Default
2026-08-11 13:03:38.138: [INFO] MostRecentlyActiveProfile: name=Personal path=C:\Users\Alexp\OneDrive\Pictures\Desktop\New folder (3)\app\scripts\chrome_profile\Default lastActive=2026-08-11T12:09:33.631Z
2026-08-11 13:03:38.138: [INFO] VisibilityChanged: 0
2026-08-11 13:03:38.344: [INFO] OnDoneLoading sync enabled: 0
2026-08-11 13:03:38.344: [INFO] BookmarkModelLoaded, ids_reassigned: 0
2026-08-11 13:03:38.344: [INFO] BookmarksLoadDropped droppedNodes=0
2026-08-11 13:03:38.344: [INFO] BookmarksSnapshot Startup total=3 bar=3 other=0 mobile=0 showBar=0 showBarNTP=1
2026-08-11 13:04:18.711: [INFO] BookmarksSnapshot Shutdown total=3 bar=3 other=0 mobile=0 showBar=0 showBarNTP=1
2026-08-11 13:06:34.209: [INFO] CurrentProfilePath: C:\Users\Alexp\OneDrive\Pictures\Desktop\New folder (3)\app\scripts\chrome_profile\Default
2026-08-11 13:06:34.209: [INFO] Profiles total count: 1
2026-08-11 13:06:34.213: [INFO] Profile: name=Personal path=C:\Users\Alexp\OneDrive\Pictures\Desktop\New folder (3)\app\scripts\chrome_profile\Default lastActive=2026-08-11T13:04:07.146Z
2026-08-11 13:06:34.213: [INFO] LastUsedProfileDir: C:\Users\Alexp\OneDrive\Pictures\Desktop\New folder (3)\app\scripts\chrome_profile\Default
2026-08-11 13:06:34.213: [INFO] MostRecentlyActiveProfile: name=Personal path=C:\Users\Alexp\OneDrive\Pictures\Desktop\New folder (3)\app\scripts\chrome_profile\Default lastActive=2026-08-11T13:04:07.146Z
2026-08-11 13:06:34.213: [INFO] VisibilityChanged: 0
2026-08-11 13:06:35.158: [INFO] OnDoneLoading sync enabled: 0
2026-08-11 13:06:35.158: [INFO] BookmarkModelLoaded, ids_reassigned: 0
2026-08-11 13:06:35.158: [INFO] BookmarksLoadDropped droppedNodes=0
2026-08-11 13:06:35.158: [INFO] BookmarksSnapshot Startup total=3 bar=3 other=0 mobile=0 showBar=0 showBarNTP=1
2026-08-11 13:06:59.247: [INFO] BookmarksSnapshot Shutdown total=3 bar=3 other=0 mobile=0 showBar=0 showBarNTP=1
2026-08-11 13:07:09.780: [INFO] CurrentProfilePath: C:\Users\Alexp\OneDrive\Pictures\Desktop\New folder (3)\app\scripts\chrome_profile\Default
2026-08-11 13:07:09.780: [INFO] Profiles total count: 1
2026-08-11 13:07:09.781: [INFO] Profile: name=Personal path=C:\Users\Alexp\OneDrive\Pictures\Desktop\New folder (3)\app\scripts\chrome_profile\Default lastActive=2026-08-11T13:06:35.052Z
2026-08-11 13:07:09.781: [INFO] LastUsedProfileDir: C:\Users\Alexp\OneDrive\Pictures\Desktop\New folder (3)\app\scripts\chrome_profile\Default
2026-08-11 13:07:09.781: [INFO] MostRecentlyActiveProfile: name=Personal path=C:\Users\Alexp\OneDrive\Pictures\Desktop\New folder (3)\app\scripts\chrome_profile\Default lastActive=2026-08-11T13:06:35.052Z
2026-08-11 13:07:09.781: [INFO] VisibilityChanged: 0
2026-08-11 13:07:09.883: [INFO] OnDoneLoading sync enabled: 0
2026-08-11 13:07:09.883: [INFO] BookmarkModelLoaded, ids_reassigned: 0
2026-08-11 13:07:09.883: [INFO] BookmarksLoadDropped droppedNodes=0
2026-08-11 13:07:09.883: [INFO] BookmarksSnapshot Startup total=3 bar=3 other=0 mobile=0 showBar=0 showBarNTP=1
2026-08-11 13:07:25.274: [INFO] BookmarksSnapshot Shutdown total=3 bar=3 other=0 mobile=0 showBar=0 showBarNTP=1
2026-08-11 13:10:12.831: [INFO] CurrentProfilePath: C:\Users\Alexp\OneDrive\Pictures\Desktop\New folder (3)\app\scripts\chrome_profile\Default
2026-08-11 13:10:12.831: [INFO] Profiles total count: 1
2026-08-11 13:10:12.833: [INFO] Profile: name=Personal path=C:\Users\Alexp\OneDrive\Pictures\Desktop\New folder (3)\app\scripts\chrome_profile\Default lastActive=2026-08-11T13:07:09.841Z
2026-08-11 13:10:12.833: [INFO] LastUsedProfileDir: C:\Users\Alexp\OneDrive\Pictures\Desktop\New folder (3)\app\scripts\chrome_profile\Default
2026-08-11 13:10:12.833: [INFO] MostRecentlyActiveProfile: name=Personal path=C:\Users\Alexp\OneDrive\Pictures\Desktop\New folder (3)\app\scripts\chrome_profile\Default lastActive=2026-08-11T13:07:09.841Z
2026-08-11 13:10:12.834: [INFO] VisibilityChanged: 0
2026-08-11 13:10:12.950: [INFO] OnDoneLoading sync enabled: 0
2026-08-11 13:10:12.950: [INFO] BookmarkModelLoaded, ids_reassigned: 0
2026-08-11 13:10:12.950: [INFO] BookmarksLoadDropped droppedNodes=0
2026-08-11 13:10:12.950: [INFO] BookmarksSnapshot Startup total=3 bar=3 other=0 mobile=0 showBar=0 showBarNTP=1
2026-08-11 13:10:30.564: [INFO] BookmarksSnapshot Shutdown total=3 bar=3 other=0 mobile=0 showBar=0 showBarNTP=1
2026-08-11 13:16:34.790: [INFO] CurrentProfilePath: C:\Users\Alexp\OneDrive\Pictures\Desktop\New folder (3)\app\scripts\chrome_profile\Default
2026-08-11 13:16:34.790: [INFO] Profiles total count: 1
2026-08-11 13:16:34.791: [INFO] Profile: name=Personal path=C:\Users\Alexp\OneDrive\Pictures\Desktop\New folder (3)\app\scripts\chrome_profile\Default lastActive=2026-08-11T13:10:12.895Z
2026-08-11 13:16:34.791: [INFO] LastUsedProfileDir: C:\Users\Alexp\OneDrive\Pictures\Desktop\New folder (3)\app\scripts\chrome_profile\Default
2026-08-11 13:16:34.791: [INFO] MostRecentlyActiveProfile: name=Personal path=C:\Users\Alexp\OneDrive\Pictures\Desktop\New folder (3)\app\scripts\chrome_profile\Default lastActive=2026-08-11T13:10:12.895Z
2026-08-11 13:16:34.791: [INFO] VisibilityChanged: 0
2026-08-11 13:16:34.884: [INFO] OnDoneLoading sync enabled: 0
2026-08-11 13:16:34.884: [INFO] BookmarkModelLoaded, ids_reassigned: 0
2026-08-11 13:16:34.884: [INFO] BookmarksLoadDropped droppedNodes=0
2026-08-11 13:16:34.884: [INFO] BookmarksSnapshot Startup total=3 bar=3 other=0 mobile=0 showBar=0 showBarNTP=1
2026-08-11 13:16:46.417: [INFO] BookmarksSnapshot Shutdown total=3 bar=3 other=0 mobile=0 showBar=0 showBarNTP=1
2026-08-11 13:33:37.727: [INFO] CurrentProfilePath: C:\Users\Alexp\OneDrive\Pictures\Desktop\New folder (3)\app\scripts\chrome_profile\Default
2026-08-11 13:33:37.727: [INFO] Profiles total count: 1
2026-08-11 13:33:37.730: [INFO] Profile: name=Personal path=C:\Users\Alexp\OneDrive\Pictures\Desktop\New folder (3)\app\scripts\chrome_profile\Default lastActive=2026-08-11T13:16:34.850Z
2026-08-11 13:33:37.730: [INFO] LastUsedProfileDir: C:\Users\Alexp\OneDrive\Pictures\Desktop\New folder (3)\app\scripts\chrome_profile\Default
2026-08-11 13:33:37.730: [INFO] MostRecentlyActiveProfile: name=Personal path=C:\Users\Alexp\OneDrive\Pictures\Desktop\New folder (3)\app\scripts\chrome_profile\Default lastActive=2026-08-11T13:16:34.850Z
2026-08-11 13:33:37.730: [INFO] VisibilityChanged: 0
2026-08-11 13:33:37.925: [INFO] OnDoneLoading sync enabled: 0
2026-08-11 13:33:37.925: [INFO] BookmarkModelLoaded, ids_reassigned: 0
2026-08-11 13:33:37.925: [INFO] BookmarksLoadDropped droppedNodes=0
2026-08-11 13:33:37.926: [INFO] BookmarksSnapshot Startup total=3 bar=3 other=0 mobile=0 showBar=0 showBarNTP=1
2026-08-11 13:33:55.564: [INFO] BookmarksSnapshot Shutdown total=3 bar=3 other=0 mobile=0 showBar=0 showBarNTP=1
2026-08-11 13:36:47.774: [INFO] CurrentProfilePath: C:\Users\Alexp\OneDrive\Pictures\Desktop\New folder (3)\app\scripts\chrome_profile\Default
2026-08-11 13:36:47.774: [INFO] Profiles total count: 1
2026-08-11 13:36:47.775: [INFO] Profile: name=Personal path=C:\Users\Alexp\OneDrive\Pictures\Desktop\New folder (3)\app\scripts\chrome_profile\Default lastActive=2026-08-11T13:33:53.860Z
2026-08-11 13:36:47.775: [INFO] LastUsedProfileDir: C:\Users\Alexp\OneDrive\Pictures\Desktop\New folder (3)\app\scripts\chrome_profile\Default
2026-08-11 13:36:47.775: [INFO] MostRecentlyActiveProfile: name=Personal path=C:\Users\Alexp\OneDrive\Pictures\Desktop\New folder (3)\app\scripts\chrome_profile\Default lastActive=2026-08-11T13:33:53.860Z
2026-08-11 13:36:47.775: [INFO] VisibilityChanged: 0
2026-08-11 13:36:47.888: [INFO] OnDoneLoading sync enabled: 0
2026-08-11 13:36:47.888: [INFO] BookmarkModelLoaded, ids_reassigned: 0
2026-08-11 13:36:47.888: [INFO] BookmarksLoadDropped droppedNodes=0
2026-08-11 13:36:47.888: [INFO] BookmarksSnapshot Startup total=3 bar=3 other=0 mobile=0 showBar=0 showBarNTP=1
2026-08-11 13:39:54.689: [INFO] BookmarksSnapshot Shutdown total=3 bar=3 other=0 mobile=0 showBar=0 showBarNTP=1
2026-08-11 13:40:08.696: [INFO] CurrentProfilePath: C:\Users\Alexp\OneDrive\Pictures\Desktop\New folder (3)\app\scripts\chrome_profile\Default
2026-08-11 13:40:08.696: [INFO] Profiles total count: 1
2026-08-11 13:40:08.697: [INFO] Profile: name=Personal path=C:\Users\Alexp\OneDrive\Pictures\Desktop\New folder (3)\app\scripts\chrome_profile\Default lastActive=2026-08-11T13:39:02.851Z
2026-08-11 13:40:08.697: [INFO] LastUsedProfileDir: C:\Users\Alexp\OneDrive\Pictures\Desktop\New folder (3)\app\scripts\chrome_profile\Default
2026-08-11 13:40:08.697: [INFO] MostRecentlyActiveProfile: name=Personal path=C:\Users\Alexp\OneDrive\Pictures\Desktop\New folder (3)\app\scripts\chrome_profile\Default lastActive=2026-08-11T13:39:02.851Z
2026-08-11 13:40:08.697: [INFO] VisibilityChanged: 0
2026-08-11 13:40:08.772: [INFO] OnDoneLoading sync enabled: 0
2026-08-11 13:40:08.772: [INFO] BookmarkModelLoaded, ids_reassigned: 0
2026-08-11 13:40:08.772: [INFO] BookmarksLoadDropped droppedNodes=0
2026-08-11 13:40:08.772: [INFO] BookmarksSnapshot Startup total=3 bar=3 other=0 mobile=0 showBar=0 showBarNTP=1
2026-08-11 13:42:13.905: [INFO] BookmarksSnapshot Shutdown total=3 bar=3 other=0 mobile=0 showBar=0 showBarNTP=1
2026-08-11 13:42:25.401: [INFO] CurrentProfilePath: C:\Users\Alexp\OneDrive\Pictures\Desktop\New folder (3)\app\scripts\chrome_profile\Default
2026-08-11 13:42:25.401: [INFO] Profiles total count: 1
2026-08-11 13:42:25.401: [INFO] Profile: name=Personal path=C:\Users\Alexp\OneDrive\Pictures\Desktop\New folder (3)\app\scripts\chrome_profile\Default lastActive=2026-08-11T13:40:08.734Z
2026-08-11 13:42:25.401: [INFO] LastUsedProfileDir: C:\Users\Alexp\OneDrive\Pictures\Desktop\New folder (3)\app\scripts\chrome_profile\Default
2026-08-11 13:42:25.401: [INFO] MostRecentlyActiveProfile: name=Personal path=C:\Users\Alexp\OneDrive\Pictures\Desktop\New folder (3)\app\scripts\chrome_profile\Default lastActive=2026-08-11T13:40:08.734Z
2026-08-11 13:42:25.401: [INFO] VisibilityChanged: 0
2026-08-11 13:42:25.502: [INFO] OnDoneLoading sync enabled: 0
2026-08-11 13:42:25.502: [INFO] BookmarkModelLoaded, ids_reassigned: 0
2026-08-11 13:42:25.502: [INFO] BookmarksLoadDropped droppedNodes=0
2026-08-11 13:42:25.502: [INFO] BookmarksSnapshot Startup total=3 bar=3 other=0 mobile=0 showBar=0 showBarNTP=1
